// Vitest Snapshot v1, https://vitest.dev/guide/snapshot.html

exports[`Match Game snapshot 1`] = `
{
  "asFragment": [Function],
  "baseElement": <body>
    <div>
      <div
        class="flex flex-col items-center min-h-screen mb-24 gap-2"
      >
        <div
          class="grid grid-rows-6 gap-1"
        >
          <div
            class="grid grid-cols-5 gap-2 mb-1 text-white text-lg"
          >
            <div
              class="size-12 border-2 flex items-center border-wordle-dark/70 rounded-sm justify-center uppercase font-extrabold bg-wordle-secondary"
              data-testid="motion-box"
              style="transform: none;"
            />
            <div
              class="size-12 border-2 flex items-center border-wordle-dark/70 rounded-sm justify-center uppercase font-extrabold bg-wordle-secondary"
              data-testid="motion-box"
              style="transform: none;"
            />
            <div
              class="size-12 border-2 flex items-center border-wordle-dark/70 rounded-sm justify-center uppercase font-extrabold bg-wordle-secondary"
              data-testid="motion-box"
              style="transform: none;"
            />
            <div
              class="size-12 border-2 flex items-center border-wordle-dark/70 rounded-sm justify-center uppercase font-extrabold bg-wordle-secondary"
              data-testid="motion-box"
              style="transform: none;"
            />
            <div
              class="size-12 border-2 flex items-center border-wordle-dark/70 rounded-sm justify-center uppercase font-extrabold bg-wordle-secondary"
              data-testid="motion-box"
              style="transform: none;"
            />
          </div>
          <div
            class="grid grid-cols-5 gap-2 mb-1 text-white text-lg"
          >
            <div
              class="size-12 border-2 flex items-center border-wordle-dark/70 rounded-sm justify-center uppercase font-extrabold bg-wordle-secondary"
              data-testid="motion-box"
              style="transform: none;"
            />
            <div
              class="size-12 border-2 flex items-center border-wordle-dark/70 rounded-sm justify-center uppercase font-extrabold bg-wordle-secondary"
              data-testid="motion-box"
              style="transform: none;"
            />
            <div
              class="size-12 border-2 flex items-center border-wordle-dark/70 rounded-sm justify-center uppercase font-extrabold bg-wordle-secondary"
              data-testid="motion-box"
              style="transform: none;"
            />
            <div
              class="size-12 border-2 flex items-center border-wordle-dark/70 rounded-sm justify-center uppercase font-extrabold bg-wordle-secondary"
              data-testid="motion-box"
              style="transform: none;"
            />
            <div
              class="size-12 border-2 flex items-center border-wordle-dark/70 rounded-sm justify-center uppercase font-extrabold bg-wordle-secondary"
              data-testid="motion-box"
              style="transform: none;"
            />
          </div>
          <div
            class="grid grid-cols-5 gap-2 mb-1 text-white text-lg"
          >
            <div
              class="size-12 border-2 flex items-center border-wordle-dark/70 rounded-sm justify-center uppercase font-extrabold bg-wordle-secondary"
              data-testid="motion-box"
              style="transform: none;"
            />
            <div
              class="size-12 border-2 flex items-center border-wordle-dark/70 rounded-sm justify-center uppercase font-extrabold bg-wordle-secondary"
              data-testid="motion-box"
              style="transform: none;"
            />
            <div
              class="size-12 border-2 flex items-center border-wordle-dark/70 rounded-sm justify-center uppercase font-extrabold bg-wordle-secondary"
              data-testid="motion-box"
              style="transform: none;"
            />
            <div
              class="size-12 border-2 flex items-center border-wordle-dark/70 rounded-sm justify-center uppercase font-extrabold bg-wordle-secondary"
              data-testid="motion-box"
              style="transform: none;"
            />
            <div
              class="size-12 border-2 flex items-center border-wordle-dark/70 rounded-sm justify-center uppercase font-extrabold bg-wordle-secondary"
              data-testid="motion-box"
              style="transform: none;"
            />
          </div>
          <div
            class="grid grid-cols-5 gap-2 mb-1 text-white text-lg"
          >
            <div
              class="size-12 border-2 flex items-center border-wordle-dark/70 rounded-sm justify-center uppercase font-extrabold bg-wordle-secondary"
              data-testid="motion-box"
              style="transform: none;"
            />
            <div
              class="size-12 border-2 flex items-center border-wordle-dark/70 rounded-sm justify-center uppercase font-extrabold bg-wordle-secondary"
              data-testid="motion-box"
              style="transform: none;"
            />
            <div
              class="size-12 border-2 flex items-center border-wordle-dark/70 rounded-sm justify-center uppercase font-extrabold bg-wordle-secondary"
              data-testid="motion-box"
              style="transform: none;"
            />
            <div
              class="size-12 border-2 flex items-center border-wordle-dark/70 rounded-sm justify-center uppercase font-extrabold bg-wordle-secondary"
              data-testid="motion-box"
              style="transform: none;"
            />
            <div
              class="size-12 border-2 flex items-center border-wordle-dark/70 rounded-sm justify-center uppercase font-extrabold bg-wordle-secondary"
              data-testid="motion-box"
              style="transform: none;"
            />
          </div>
          <div
            class="grid grid-cols-5 gap-2 mb-1 text-white text-lg"
          >
            <div
              class="size-12 border-2 flex items-center border-wordle-dark/70 rounded-sm justify-center uppercase font-extrabold bg-wordle-secondary"
              data-testid="motion-box"
              style="transform: none;"
            />
            <div
              class="size-12 border-2 flex items-center border-wordle-dark/70 rounded-sm justify-center uppercase font-extrabold bg-wordle-secondary"
              data-testid="motion-box"
              style="transform: none;"
            />
            <div
              class="size-12 border-2 flex items-center border-wordle-dark/70 rounded-sm justify-center uppercase font-extrabold bg-wordle-secondary"
              data-testid="motion-box"
              style="transform: none;"
            />
            <div
              class="size-12 border-2 flex items-center border-wordle-dark/70 rounded-sm justify-center uppercase font-extrabold bg-wordle-secondary"
              data-testid="motion-box"
              style="transform: none;"
            />
            <div
              class="size-12 border-2 flex items-center border-wordle-dark/70 rounded-sm justify-center uppercase font-extrabold bg-wordle-secondary"
              data-testid="motion-box"
              style="transform: none;"
            />
          </div>
          <div
            class="grid grid-cols-5 gap-2 mb-1 text-white text-lg"
          >
            <div
              class="size-12 border-2 flex items-center border-wordle-dark/70 rounded-sm justify-center uppercase font-extrabold bg-wordle-secondary"
              data-testid="motion-box"
              style="transform: none;"
            />
            <div
              class="size-12 border-2 flex items-center border-wordle-dark/70 rounded-sm justify-center uppercase font-extrabold bg-wordle-secondary"
              data-testid="motion-box"
              style="transform: none;"
            />
            <div
              class="size-12 border-2 flex items-center border-wordle-dark/70 rounded-sm justify-center uppercase font-extrabold bg-wordle-secondary"
              data-testid="motion-box"
              style="transform: none;"
            />
            <div
              class="size-12 border-2 flex items-center border-wordle-dark/70 rounded-sm justify-center uppercase font-extrabold bg-wordle-secondary"
              data-testid="motion-box"
              style="transform: none;"
            />
            <div
              class="size-12 border-2 flex items-center border-wordle-dark/70 rounded-sm justify-center uppercase font-extrabold bg-wordle-secondary"
              data-testid="motion-box"
              style="transform: none;"
            />
          </div>
        </div>
        <div
          class="w-full px-2 mt-4"
          data-testid="keyboard"
        >
          <div
            class="flex justify-center gap-1 mb-2"
          >
            <button
              class="w-8 md:w-10 h-auto text-white cursor-pointer px-1 py-3 md:px-3 text-md rounded-md bg-wordle-secondary hover:bg-wordle-secondary/50 transition-all duration-150 flex items-center justify-center"
              data-key="q"
            >
              Q
            </button>
            <button
              class="w-8 md:w-10 h-auto text-white cursor-pointer px-1 py-3 md:px-3 text-md rounded-md bg-wordle-secondary hover:bg-wordle-secondary/50 transition-all duration-150 flex items-center justify-center"
              data-key="w"
            >
              W
            </button>
            <button
              class="w-8 md:w-10 h-auto text-white cursor-pointer px-1 py-3 md:px-3 text-md rounded-md bg-wordle-secondary hover:bg-wordle-secondary/50 transition-all duration-150 flex items-center justify-center"
              data-key="e"
            >
              E
            </button>
            <button
              class="w-8 md:w-10 h-auto text-white cursor-pointer px-1 py-3 md:px-3 text-md rounded-md bg-wordle-secondary hover:bg-wordle-secondary/50 transition-all duration-150 flex items-center justify-center"
              data-key="r"
            >
              R
            </button>
            <button
              class="w-8 md:w-10 h-auto text-white cursor-pointer px-1 py-3 md:px-3 text-md rounded-md bg-wordle-secondary hover:bg-wordle-secondary/50 transition-all duration-150 flex items-center justify-center"
              data-key="t"
            >
              T
            </button>
            <button
              class="w-8 md:w-10 h-auto text-white cursor-pointer px-1 py-3 md:px-3 text-md rounded-md bg-wordle-secondary hover:bg-wordle-secondary/50 transition-all duration-150 flex items-center justify-center"
              data-key="y"
            >
              Y
            </button>
            <button
              class="w-8 md:w-10 h-auto text-white cursor-pointer px-1 py-3 md:px-3 text-md rounded-md bg-wordle-secondary hover:bg-wordle-secondary/50 transition-all duration-150 flex items-center justify-center"
              data-key="u"
            >
              U
            </button>
            <button
              class="w-8 md:w-10 h-auto text-white cursor-pointer px-1 py-3 md:px-3 text-md rounded-md bg-wordle-secondary hover:bg-wordle-secondary/50 transition-all duration-150 flex items-center justify-center"
              data-key="i"
            >
              I
            </button>
            <button
              class="w-8 md:w-10 h-auto text-white cursor-pointer px-1 py-3 md:px-3 text-md rounded-md bg-wordle-secondary hover:bg-wordle-secondary/50 transition-all duration-150 flex items-center justify-center"
              data-key="o"
            >
              O
            </button>
            <button
              class="w-8 md:w-10 h-auto text-white cursor-pointer px-1 py-3 md:px-3 text-md rounded-md bg-wordle-secondary hover:bg-wordle-secondary/50 transition-all duration-150 flex items-center justify-center"
              data-key="p"
            >
              P
            </button>
          </div>
          <div
            class="flex justify-center gap-1 mb-2"
          >
            <button
              class="w-8 md:w-10 h-auto text-white cursor-pointer px-1 py-3 md:px-3 text-md rounded-md bg-wordle-secondary hover:bg-wordle-secondary/50 transition-all duration-150 flex items-center justify-center"
              data-key="a"
            >
              A
            </button>
            <button
              class="w-8 md:w-10 h-auto text-white cursor-pointer px-1 py-3 md:px-3 text-md rounded-md bg-wordle-secondary hover:bg-wordle-secondary/50 transition-all duration-150 flex items-center justify-center"
              data-key="s"
            >
              S
            </button>
            <button
              class="w-8 md:w-10 h-auto text-white cursor-pointer px-1 py-3 md:px-3 text-md rounded-md bg-wordle-secondary hover:bg-wordle-secondary/50 transition-all duration-150 flex items-center justify-center"
              data-key="d"
            >
              D
            </button>
            <button
              class="w-8 md:w-10 h-auto text-white cursor-pointer px-1 py-3 md:px-3 text-md rounded-md bg-wordle-secondary hover:bg-wordle-secondary/50 transition-all duration-150 flex items-center justify-center"
              data-key="f"
            >
              F
            </button>
            <button
              class="w-8 md:w-10 h-auto text-white cursor-pointer px-1 py-3 md:px-3 text-md rounded-md bg-wordle-secondary hover:bg-wordle-secondary/50 transition-all duration-150 flex items-center justify-center"
              data-key="g"
            >
              G
            </button>
            <button
              class="w-8 md:w-10 h-auto text-white cursor-pointer px-1 py-3 md:px-3 text-md rounded-md bg-wordle-secondary hover:bg-wordle-secondary/50 transition-all duration-150 flex items-center justify-center"
              data-key="h"
            >
              H
            </button>
            <button
              class="w-8 md:w-10 h-auto text-white cursor-pointer px-1 py-3 md:px-3 text-md rounded-md bg-wordle-secondary hover:bg-wordle-secondary/50 transition-all duration-150 flex items-center justify-center"
              data-key="j"
            >
              J
            </button>
            <button
              class="w-8 md:w-10 h-auto text-white cursor-pointer px-1 py-3 md:px-3 text-md rounded-md bg-wordle-secondary hover:bg-wordle-secondary/50 transition-all duration-150 flex items-center justify-center"
              data-key="k"
            >
              K
            </button>
            <button
              class="w-8 md:w-10 h-auto text-white cursor-pointer px-1 py-3 md:px-3 text-md rounded-md bg-wordle-secondary hover:bg-wordle-secondary/50 transition-all duration-150 flex items-center justify-center"
              data-key="l"
            >
              L
            </button>
          </div>
          <div
            class="flex justify-center gap-1 mb-2"
          >
            <button
              class="w-12 h-auto text-white cursor-pointer px-1 py-3 md:px-3 text-md rounded-md bg-wordle-secondary hover:bg-wordle-secondary/50 transition-all duration-150 flex items-center justify-center"
              data-key="enter"
            >
              ↩
            </button>
            <button
              class="w-8 md:w-10 h-auto text-white cursor-pointer px-1 py-3 md:px-3 text-md rounded-md bg-wordle-secondary hover:bg-wordle-secondary/50 transition-all duration-150 flex items-center justify-center"
              data-key="z"
            >
              Z
            </button>
            <button
              class="w-8 md:w-10 h-auto text-white cursor-pointer px-1 py-3 md:px-3 text-md rounded-md bg-wordle-secondary hover:bg-wordle-secondary/50 transition-all duration-150 flex items-center justify-center"
              data-key="x"
            >
              X
            </button>
            <button
              class="w-8 md:w-10 h-auto text-white cursor-pointer px-1 py-3 md:px-3 text-md rounded-md bg-wordle-secondary hover:bg-wordle-secondary/50 transition-all duration-150 flex items-center justify-center"
              data-key="c"
            >
              C
            </button>
            <button
              class="w-8 md:w-10 h-auto text-white cursor-pointer px-1 py-3 md:px-3 text-md rounded-md bg-wordle-secondary hover:bg-wordle-secondary/50 transition-all duration-150 flex items-center justify-center"
              data-key="v"
            >
              V
            </button>
            <button
              class="w-8 md:w-10 h-auto text-white cursor-pointer px-1 py-3 md:px-3 text-md rounded-md bg-wordle-secondary hover:bg-wordle-secondary/50 transition-all duration-150 flex items-center justify-center"
              data-key="b"
            >
              B
            </button>
            <button
              class="w-8 md:w-10 h-auto text-white cursor-pointer px-1 py-3 md:px-3 text-md rounded-md bg-wordle-secondary hover:bg-wordle-secondary/50 transition-all duration-150 flex items-center justify-center"
              data-key="n"
            >
              N
            </button>
            <button
              class="w-8 md:w-10 h-auto text-white cursor-pointer px-1 py-3 md:px-3 text-md rounded-md bg-wordle-secondary hover:bg-wordle-secondary/50 transition-all duration-150 flex items-center justify-center"
              data-key="m"
            >
              M
            </button>
            <button
              class="w-12 h-auto text-white cursor-pointer px-1 py-3 md:px-3 text-md rounded-md bg-wordle-secondary hover:bg-wordle-secondary/50 transition-all duration-150 flex items-center justify-center"
              data-key="backspace"
            >
              ←
            </button>
          </div>
        </div>
        <div
          class="flex items-center text-white space-x-2"
        >
          <button
            aria-checked="false"
            class="peer data-[state=checked]:bg-primary data-[state=unchecked]:bg-input focus-visible:border-ring focus-visible:ring-ring/50 dark:data-[state=unchecked]:bg-input/80 inline-flex h-[1.15rem] w-8 shrink-0 items-center rounded-full border border-transparent shadow-xs transition-all outline-none focus-visible:ring-[3px] disabled:cursor-not-allowed disabled:opacity-50"
            data-slot="switch"
            data-state="unchecked"
            id="hard-mode"
            role="switch"
            type="button"
            value="on"
          >
            <span
              class="bg-background dark:data-[state=unchecked]:bg-foreground dark:data-[state=checked]:bg-primary-foreground pointer-events-none block size-4 rounded-full ring-0 transition-transform data-[state=checked]:translate-x-[calc(100%-2px)] data-[state=unchecked]:translate-x-0"
              data-slot="switch-thumb"
              data-state="unchecked"
            />
          </button>
          <label
            class="flex items-center gap-2 text-sm leading-none font-medium select-none group-data-[disabled=true]:pointer-events-none group-data-[disabled=true]:opacity-50 peer-disabled:cursor-not-allowed peer-disabled:opacity-50"
            data-slot="label"
            for="hard-mode"
          >
            Hard Mode
          </label>
        </div>
      </div>
    </div>
  </body>,
  "container": <div>
    <div
      class="flex flex-col items-center min-h-screen mb-24 gap-2"
    >
      <div
        class="grid grid-rows-6 gap-1"
      >
        <div
          class="grid grid-cols-5 gap-2 mb-1 text-white text-lg"
        >
          <div
            class="size-12 border-2 flex items-center border-wordle-dark/70 rounded-sm justify-center uppercase font-extrabold bg-wordle-secondary"
            data-testid="motion-box"
            style="transform: none;"
          />
          <div
            class="size-12 border-2 flex items-center border-wordle-dark/70 rounded-sm justify-center uppercase font-extrabold bg-wordle-secondary"
            data-testid="motion-box"
            style="transform: none;"
          />
          <div
            class="size-12 border-2 flex items-center border-wordle-dark/70 rounded-sm justify-center uppercase font-extrabold bg-wordle-secondary"
            data-testid="motion-box"
            style="transform: none;"
          />
          <div
            class="size-12 border-2 flex items-center border-wordle-dark/70 rounded-sm justify-center uppercase font-extrabold bg-wordle-secondary"
            data-testid="motion-box"
            style="transform: none;"
          />
          <div
            class="size-12 border-2 flex items-center border-wordle-dark/70 rounded-sm justify-center uppercase font-extrabold bg-wordle-secondary"
            data-testid="motion-box"
            style="transform: none;"
          />
        </div>
        <div
          class="grid grid-cols-5 gap-2 mb-1 text-white text-lg"
        >
          <div
            class="size-12 border-2 flex items-center border-wordle-dark/70 rounded-sm justify-center uppercase font-extrabold bg-wordle-secondary"
            data-testid="motion-box"
            style="transform: none;"
          />
          <div
            class="size-12 border-2 flex items-center border-wordle-dark/70 rounded-sm justify-center uppercase font-extrabold bg-wordle-secondary"
            data-testid="motion-box"
            style="transform: none;"
          />
          <div
            class="size-12 border-2 flex items-center border-wordle-dark/70 rounded-sm justify-center uppercase font-extrabold bg-wordle-secondary"
            data-testid="motion-box"
            style="transform: none;"
          />
          <div
            class="size-12 border-2 flex items-center border-wordle-dark/70 rounded-sm justify-center uppercase font-extrabold bg-wordle-secondary"
            data-testid="motion-box"
            style="transform: none;"
          />
          <div
            class="size-12 border-2 flex items-center border-wordle-dark/70 rounded-sm justify-center uppercase font-extrabold bg-wordle-secondary"
            data-testid="motion-box"
            style="transform: none;"
          />
        </div>
        <div
          class="grid grid-cols-5 gap-2 mb-1 text-white text-lg"
        >
          <div
            class="size-12 border-2 flex items-center border-wordle-dark/70 rounded-sm justify-center uppercase font-extrabold bg-wordle-secondary"
            data-testid="motion-box"
            style="transform: none;"
          />
          <div
            class="size-12 border-2 flex items-center border-wordle-dark/70 rounded-sm justify-center uppercase font-extrabold bg-wordle-secondary"
            data-testid="motion-box"
            style="transform: none;"
          />
          <div
            class="size-12 border-2 flex items-center border-wordle-dark/70 rounded-sm justify-center uppercase font-extrabold bg-wordle-secondary"
            data-testid="motion-box"
            style="transform: none;"
          />
          <div
            class="size-12 border-2 flex items-center border-wordle-dark/70 rounded-sm justify-center uppercase font-extrabold bg-wordle-secondary"
            data-testid="motion-box"
            style="transform: none;"
          />
          <div
            class="size-12 border-2 flex items-center border-wordle-dark/70 rounded-sm justify-center uppercase font-extrabold bg-wordle-secondary"
            data-testid="motion-box"
            style="transform: none;"
          />
        </div>
        <div
          class="grid grid-cols-5 gap-2 mb-1 text-white text-lg"
        >
          <div
            class="size-12 border-2 flex items-center border-wordle-dark/70 rounded-sm justify-center uppercase font-extrabold bg-wordle-secondary"
            data-testid="motion-box"
            style="transform: none;"
          />
          <div
            class="size-12 border-2 flex items-center border-wordle-dark/70 rounded-sm justify-center uppercase font-extrabold bg-wordle-secondary"
            data-testid="motion-box"
            style="transform: none;"
          />
          <div
            class="size-12 border-2 flex items-center border-wordle-dark/70 rounded-sm justify-center uppercase font-extrabold bg-wordle-secondary"
            data-testid="motion-box"
            style="transform: none;"
          />
          <div
            class="size-12 border-2 flex items-center border-wordle-dark/70 rounded-sm justify-center uppercase font-extrabold bg-wordle-secondary"
            data-testid="motion-box"
            style="transform: none;"
          />
          <div
            class="size-12 border-2 flex items-center border-wordle-dark/70 rounded-sm justify-center uppercase font-extrabold bg-wordle-secondary"
            data-testid="motion-box"
            style="transform: none;"
          />
        </div>
        <div
          class="grid grid-cols-5 gap-2 mb-1 text-white text-lg"
        >
          <div
            class="size-12 border-2 flex items-center border-wordle-dark/70 rounded-sm justify-center uppercase font-extrabold bg-wordle-secondary"
            data-testid="motion-box"
            style="transform: none;"
          />
          <div
            class="size-12 border-2 flex items-center border-wordle-dark/70 rounded-sm justify-center uppercase font-extrabold bg-wordle-secondary"
            data-testid="motion-box"
            style="transform: none;"
          />
          <div
            class="size-12 border-2 flex items-center border-wordle-dark/70 rounded-sm justify-center uppercase font-extrabold bg-wordle-secondary"
            data-testid="motion-box"
            style="transform: none;"
          />
          <div
            class="size-12 border-2 flex items-center border-wordle-dark/70 rounded-sm justify-center uppercase font-extrabold bg-wordle-secondary"
            data-testid="motion-box"
            style="transform: none;"
          />
          <div
            class="size-12 border-2 flex items-center border-wordle-dark/70 rounded-sm justify-center uppercase font-extrabold bg-wordle-secondary"
            data-testid="motion-box"
            style="transform: none;"
          />
        </div>
        <div
          class="grid grid-cols-5 gap-2 mb-1 text-white text-lg"
        >
          <div
            class="size-12 border-2 flex items-center border-wordle-dark/70 rounded-sm justify-center uppercase font-extrabold bg-wordle-secondary"
            data-testid="motion-box"
            style="transform: none;"
          />
          <div
            class="size-12 border-2 flex items-center border-wordle-dark/70 rounded-sm justify-center uppercase font-extrabold bg-wordle-secondary"
            data-testid="motion-box"
            style="transform: none;"
          />
          <div
            class="size-12 border-2 flex items-center border-wordle-dark/70 rounded-sm justify-center uppercase font-extrabold bg-wordle-secondary"
            data-testid="motion-box"
            style="transform: none;"
          />
          <div
            class="size-12 border-2 flex items-center border-wordle-dark/70 rounded-sm justify-center uppercase font-extrabold bg-wordle-secondary"
            data-testid="motion-box"
            style="transform: none;"
          />
          <div
            class="size-12 border-2 flex items-center border-wordle-dark/70 rounded-sm justify-center uppercase font-extrabold bg-wordle-secondary"
            data-testid="motion-box"
            style="transform: none;"
          />
        </div>
      </div>
      <div
        class="w-full px-2 mt-4"
        data-testid="keyboard"
      >
        <div
          class="flex justify-center gap-1 mb-2"
        >
          <button
            class="w-8 md:w-10 h-auto text-white cursor-pointer px-1 py-3 md:px-3 text-md rounded-md bg-wordle-secondary hover:bg-wordle-secondary/50 transition-all duration-150 flex items-center justify-center"
            data-key="q"
          >
            Q
          </button>
          <button
            class="w-8 md:w-10 h-auto text-white cursor-pointer px-1 py-3 md:px-3 text-md rounded-md bg-wordle-secondary hover:bg-wordle-secondary/50 transition-all duration-150 flex items-center justify-center"
            data-key="w"
          >
            W
          </button>
          <button
            class="w-8 md:w-10 h-auto text-white cursor-pointer px-1 py-3 md:px-3 text-md rounded-md bg-wordle-secondary hover:bg-wordle-secondary/50 transition-all duration-150 flex items-center justify-center"
            data-key="e"
          >
            E
          </button>
          <button
            class="w-8 md:w-10 h-auto text-white cursor-pointer px-1 py-3 md:px-3 text-md rounded-md bg-wordle-secondary hover:bg-wordle-secondary/50 transition-all duration-150 flex items-center justify-center"
            data-key="r"
          >
            R
          </button>
          <button
            class="w-8 md:w-10 h-auto text-white cursor-pointer px-1 py-3 md:px-3 text-md rounded-md bg-wordle-secondary hover:bg-wordle-secondary/50 transition-all duration-150 flex items-center justify-center"
            data-key="t"
          >
            T
          </button>
          <button
            class="w-8 md:w-10 h-auto text-white cursor-pointer px-1 py-3 md:px-3 text-md rounded-md bg-wordle-secondary hover:bg-wordle-secondary/50 transition-all duration-150 flex items-center justify-center"
            data-key="y"
          >
            Y
          </button>
          <button
            class="w-8 md:w-10 h-auto text-white cursor-pointer px-1 py-3 md:px-3 text-md rounded-md bg-wordle-secondary hover:bg-wordle-secondary/50 transition-all duration-150 flex items-center justify-center"
            data-key="u"
          >
            U
          </button>
          <button
            class="w-8 md:w-10 h-auto text-white cursor-pointer px-1 py-3 md:px-3 text-md rounded-md bg-wordle-secondary hover:bg-wordle-secondary/50 transition-all duration-150 flex items-center justify-center"
            data-key="i"
          >
            I
          </button>
          <button
            class="w-8 md:w-10 h-auto text-white cursor-pointer px-1 py-3 md:px-3 text-md rounded-md bg-wordle-secondary hover:bg-wordle-secondary/50 transition-all duration-150 flex items-center justify-center"
            data-key="o"
          >
            O
          </button>
          <button
            class="w-8 md:w-10 h-auto text-white cursor-pointer px-1 py-3 md:px-3 text-md rounded-md bg-wordle-secondary hover:bg-wordle-secondary/50 transition-all duration-150 flex items-center justify-center"
            data-key="p"
          >
            P
          </button>
        </div>
        <div
          class="flex justify-center gap-1 mb-2"
        >
          <button
            class="w-8 md:w-10 h-auto text-white cursor-pointer px-1 py-3 md:px-3 text-md rounded-md bg-wordle-secondary hover:bg-wordle-secondary/50 transition-all duration-150 flex items-center justify-center"
            data-key="a"
          >
            A
          </button>
          <button
            class="w-8 md:w-10 h-auto text-white cursor-pointer px-1 py-3 md:px-3 text-md rounded-md bg-wordle-secondary hover:bg-wordle-secondary/50 transition-all duration-150 flex items-center justify-center"
            data-key="s"
          >
            S
          </button>
          <button
            class="w-8 md:w-10 h-auto text-white cursor-pointer px-1 py-3 md:px-3 text-md rounded-md bg-wordle-secondary hover:bg-wordle-secondary/50 transition-all duration-150 flex items-center justify-center"
            data-key="d"
          >
            D
          </button>
          <button
            class="w-8 md:w-10 h-auto text-white cursor-pointer px-1 py-3 md:px-3 text-md rounded-md bg-wordle-secondary hover:bg-wordle-secondary/50 transition-all duration-150 flex items-center justify-center"
            data-key="f"
          >
            F
          </button>
          <button
            class="w-8 md:w-10 h-auto text-white cursor-pointer px-1 py-3 md:px-3 text-md rounded-md bg-wordle-secondary hover:bg-wordle-secondary/50 transition-all duration-150 flex items-center justify-center"
            data-key="g"
          >
            G
          </button>
          <button
            class="w-8 md:w-10 h-auto text-white cursor-pointer px-1 py-3 md:px-3 text-md rounded-md bg-wordle-secondary hover:bg-wordle-secondary/50 transition-all duration-150 flex items-center justify-center"
            data-key="h"
          >
            H
          </button>
          <button
            class="w-8 md:w-10 h-auto text-white cursor-pointer px-1 py-3 md:px-3 text-md rounded-md bg-wordle-secondary hover:bg-wordle-secondary/50 transition-all duration-150 flex items-center justify-center"
            data-key="j"
          >
            J
          </button>
          <button
            class="w-8 md:w-10 h-auto text-white cursor-pointer px-1 py-3 md:px-3 text-md rounded-md bg-wordle-secondary hover:bg-wordle-secondary/50 transition-all duration-150 flex items-center justify-center"
            data-key="k"
          >
            K
          </button>
          <button
            class="w-8 md:w-10 h-auto text-white cursor-pointer px-1 py-3 md:px-3 text-md rounded-md bg-wordle-secondary hover:bg-wordle-secondary/50 transition-all duration-150 flex items-center justify-center"
            data-key="l"
          >
            L
          </button>
        </div>
        <div
          class="flex justify-center gap-1 mb-2"
        >
          <button
            class="w-12 h-auto text-white cursor-pointer px-1 py-3 md:px-3 text-md rounded-md bg-wordle-secondary hover:bg-wordle-secondary/50 transition-all duration-150 flex items-center justify-center"
            data-key="enter"
          >
            ↩
          </button>
          <button
            class="w-8 md:w-10 h-auto text-white cursor-pointer px-1 py-3 md:px-3 text-md rounded-md bg-wordle-secondary hover:bg-wordle-secondary/50 transition-all duration-150 flex items-center justify-center"
            data-key="z"
          >
            Z
          </button>
          <button
            class="w-8 md:w-10 h-auto text-white cursor-pointer px-1 py-3 md:px-3 text-md rounded-md bg-wordle-secondary hover:bg-wordle-secondary/50 transition-all duration-150 flex items-center justify-center"
            data-key="x"
          >
            X
          </button>
          <button
            class="w-8 md:w-10 h-auto text-white cursor-pointer px-1 py-3 md:px-3 text-md rounded-md bg-wordle-secondary hover:bg-wordle-secondary/50 transition-all duration-150 flex items-center justify-center"
            data-key="c"
          >
            C
          </button>
          <button
            class="w-8 md:w-10 h-auto text-white cursor-pointer px-1 py-3 md:px-3 text-md rounded-md bg-wordle-secondary hover:bg-wordle-secondary/50 transition-all duration-150 flex items-center justify-center"
            data-key="v"
          >
            V
          </button>
          <button
            class="w-8 md:w-10 h-auto text-white cursor-pointer px-1 py-3 md:px-3 text-md rounded-md bg-wordle-secondary hover:bg-wordle-secondary/50 transition-all duration-150 flex items-center justify-center"
            data-key="b"
          >
            B
          </button>
          <button
            class="w-8 md:w-10 h-auto text-white cursor-pointer px-1 py-3 md:px-3 text-md rounded-md bg-wordle-secondary hover:bg-wordle-secondary/50 transition-all duration-150 flex items-center justify-center"
            data-key="n"
          >
            N
          </button>
          <button
            class="w-8 md:w-10 h-auto text-white cursor-pointer px-1 py-3 md:px-3 text-md rounded-md bg-wordle-secondary hover:bg-wordle-secondary/50 transition-all duration-150 flex items-center justify-center"
            data-key="m"
          >
            M
          </button>
          <button
            class="w-12 h-auto text-white cursor-pointer px-1 py-3 md:px-3 text-md rounded-md bg-wordle-secondary hover:bg-wordle-secondary/50 transition-all duration-150 flex items-center justify-center"
            data-key="backspace"
          >
            ←
          </button>
        </div>
      </div>
      <div
        class="flex items-center text-white space-x-2"
      >
        <button
          aria-checked="false"
          class="peer data-[state=checked]:bg-primary data-[state=unchecked]:bg-input focus-visible:border-ring focus-visible:ring-ring/50 dark:data-[state=unchecked]:bg-input/80 inline-flex h-[1.15rem] w-8 shrink-0 items-center rounded-full border border-transparent shadow-xs transition-all outline-none focus-visible:ring-[3px] disabled:cursor-not-allowed disabled:opacity-50"
          data-slot="switch"
          data-state="unchecked"
          id="hard-mode"
          role="switch"
          type="button"
          value="on"
        >
          <span
            class="bg-background dark:data-[state=unchecked]:bg-foreground dark:data-[state=checked]:bg-primary-foreground pointer-events-none block size-4 rounded-full ring-0 transition-transform data-[state=checked]:translate-x-[calc(100%-2px)] data-[state=unchecked]:translate-x-0"
            data-slot="switch-thumb"
            data-state="unchecked"
          />
        </button>
        <label
          class="flex items-center gap-2 text-sm leading-none font-medium select-none group-data-[disabled=true]:pointer-events-none group-data-[disabled=true]:opacity-50 peer-disabled:cursor-not-allowed peer-disabled:opacity-50"
          data-slot="label"
          for="hard-mode"
        >
          Hard Mode
        </label>
      </div>
    </div>
  </div>,
  "debug": [Function],
  "findAllByAltText": [Function],
  "findAllByDisplayValue": [Function],
  "findAllByLabelText": [Function],
  "findAllByPlaceholderText": [Function],
  "findAllByRole": [Function],
  "findAllByTestId": [Function],
  "findAllByText": [Function],
  "findAllByTitle": [Function],
  "findByAltText": [Function],
  "findByDisplayValue": [Function],
  "findByLabelText": [Function],
  "findByPlaceholderText": [Function],
  "findByRole": [Function],
  "findByTestId": [Function],
  "findByText": [Function],
  "findByTitle": [Function],
  "getAllByAltText": [Function],
  "getAllByDisplayValue": [Function],
  "getAllByLabelText": [Function],
  "getAllByPlaceholderText": [Function],
  "getAllByRole": [Function],
  "getAllByTestId": [Function],
  "getAllByText": [Function],
  "getAllByTitle": [Function],
  "getByAltText": [Function],
  "getByDisplayValue": [Function],
  "getByLabelText": [Function],
  "getByPlaceholderText": [Function],
  "getByRole": [Function],
  "getByTestId": [Function],
  "getByText": [Function],
  "getByTitle": [Function],
  "queryAllByAltText": [Function],
  "queryAllByDisplayValue": [Function],
  "queryAllByLabelText": [Function],
  "queryAllByPlaceholderText": [Function],
  "queryAllByRole": [Function],
  "queryAllByTestId": [Function],
  "queryAllByText": [Function],
  "queryAllByTitle": [Function],
  "queryByAltText": [Function],
  "queryByDisplayValue": [Function],
  "queryByLabelText": [Function],
  "queryByPlaceholderText": [Function],
  "queryByRole": [Function],
  "queryByTestId": [Function],
  "queryByText": [Function],
  "queryByTitle": [Function],
  "rerender": [Function],
  "unmount": [Function],
}
`;
